node_modules/react-router-dom/dist/index.d.ts(1,69): error TS2307: Cannot find module 'react-router/dom' or its corresponding type declarations.
  There are types at 'C:/Users/jeeva/Agrismart/node_modules/react-router/dist/development/dom-export.d.mts', but this result could not be resolved under your current 'moduleResolution' setting. Consider updating to 'node16', 'nodenext', or 'bundler'.
node_modules/react-router/dist/development/index.d.ts(4,8): error TS1259: Module '"C:/Users/jeeva/Agrismart/node_modules/@types/react/index"' can only be default-imported using the 'esModuleInterop' flag
node_modules/react-router/dist/development/instrumentation--6Pioq_G.d.ts(413,5): error TS18028: Private identifiers are only available when targeting ECMAScript 2015 and higher.
node_modules/react-webcam/dist/react-webcam.d.ts(23,50): error TS2503: Cannot find namespace 'JSX'.
node_modules/react-webcam/dist/react-webcam.d.ts(57,15): error TS2503: Cannot find namespace 'JSX'.
src/components/TopBar.tsx(1,8): error TS1259: Module '"C:/Users/jeeva/Agrismart/node_modules/@types/react/index"' can only be default-imported using the 'esModuleInterop' flag
src/screens/ScanScreen.tsx(1,8): error TS1259: Module '"C:/Users/jeeva/Agrismart/node_modules/@types/react/index"' can only be default-imported using the 'esModuleInterop' flag
